TAP version 13
ok 1 - AuthTest::testAuth
ok 2 - AuthTest::testValidate
ok 3 - AuthTest::testHash
ok 4 - AutoloadTest::testRegisterAppend
ok 5 - AutoloadTest::testRegisterPrepend
ok 6 - AutoloadTest::testAutoload
ok 7 - AutoloadTest::testCheckEnv
ok 8 - AutoloadTest::testGetRelPath
ok 9 - AutoloadTest::testGetPath
ok 10 - FirebirdModelTest::testFirebirdModel
ok 11 - FirebirdModelTest::testConnectionFailure
ok 12 - FirebirdModelTest::testQuery
ok 13 - FirebirdModelTest::testGetLastPatients
ok 14 - FirebirdModelTest::testGetPatientInfoByTelephoneRxID
ok 15 - LogTest::testInstanceOf
ok 16 - LogTest::testDefaults
ok 17 - LogTest::testCustomTypeValid
ok 18 - LogTest::testCustomFileValid
ok 19 - LogTest::testWrongType
ok 20 - LogTest::testInvalidFormat
ok 21 - LogTest::testFile
ok 22 - LogTest::testTapify
ok 23 - LogTest::testStdout
ok 24 - LogTest::testHtml
ok 25 - LogTest::testConsoleLog
ok 26 - MarkdownTest::testValidateConfigValid
ok 27 - MarkdownTest::testValidateConfigInvalidVar
ok 28 - MarkdownTest::testValidateConfigInvalidValue
ok 29 - MarkdownTest::testMarkdown
ok 30 - MarkdownTest::testHeaders
ok 31 - MarkdownTest::testUnorderedList
ok 32 - MarkdownTest::testOrderedList
ok 33 - MarkdownTest::testTagReplace
ok 34 - MarkdownTest::testBold
ok 35 - MarkdownTest::testItalics
ok 36 - MarkdownTest::testInlineCode
ok 37 - MarkdownTest::testHR
ok 38 - MarkdownTest::testFormatCode
ok 39 - MarkdownTest::testFormatBlockquote
ok 40 - MarkdownTest::testFormatImage
ok 41 - MarkdownTest::testFormatLink
ok 42 - MarkdownTest::testFullPage
ok 43 - MarkdownTest::testInvalidMetadata
ok 44 - ModelTest::testRedisDefaultConnection
ok 45 - ModelTest::testRedisCustomConnection
ok 46 - ModelTest::testRedisConnection
ok 47 - ModelTest::testRedisSetGet
ok 48 - ModelTest::testRedisHashSetGet
ok 49 - ModelTest::testRedisExpire
ok 50 - ModelTest::testSanitize
ok 51 - ModelTest::testValidateConfigInvalid
ok 52 - ModelTest::testCheckConnectionInvalid
ok 53 - ModelTest::testGetAll
ok 54 - ModelTest::testConnectFirebird
ok 55 - ModelTest::testConnectFirebirdFail
ok 56 - RandDataTest::testGet
ok 57 - RandDataTest::testGetInvalid
ok 58 - TemplateTest::testTemplate
ok 59 - TemplateTest::testAutofill
ok 60 - ResponseTest::testPHPResponse
1..60
